16:22:00 **** Incremental Build of configuration Debug for project base_robot ****
make -j8 all 
arm-none-eabi-gcc "../Core/Src/main.c" -mcpu=cortex-m4 -std=gnu11 -g3 -DDEBUG -DUSE_HAL_DRIVER -DSTM32F411xE -c -I../Core/Inc -I../Drivers/STM32F4xx_HAL_Driver/Inc -I"/home/rospc/ROS/WORKSPACE_F411_uROS6/base_robot/micro_ros_stm32cubemx_utils/microros_static_library/libmicroros/microros_include" -I../Drivers/STM32F4xx_HAL_Driver/Inc/Legacy -I../Drivers/CMSIS/Device/ST/STM32F4xx/Include -I../Drivers/CMSIS/Include -I../Middlewares/Third_Party/FreeRTOS/Source/include -I../Middlewares/Third_Party/FreeRTOS/Source/CMSIS_RTOS_V2 -I../Middlewares/Third_Party/FreeRTOS/Source/portable/GCC/ARM_CM4F -O0 -ffunction-sections -fdata-sections -Wall -fstack-usage -fcyclomatic-complexity -MMD -MP -MF"Core/Src/main.d" -MT"Core/Src/main.o" --specs=nano.specs -mfpu=fpv4-sp-d16 -mfloat-abi=hard -mthumb -o "Core/Src/main.o"
In file included from ../Core/Src/main.c:25:
../Core/Inc/VL53L0X.h:2: warning: "bool" redefined
    2 | #define bool  uint8_t
      | 
In file included from /home/rospc/ROS/WORKSPACE_F411_uROS6/base_robot/micro_ros_stm32cubemx_utils/microros_static_library/libmicroros/microros_include/rcutils/allocator.h:23,
                 from /home/rospc/ROS/WORKSPACE_F411_uROS6/base_robot/micro_ros_stm32cubemx_utils/microros_static_library/libmicroros/microros_include/rcl/allocator.h:23,
                 from /home/rospc/ROS/WORKSPACE_F411_uROS6/base_robot/micro_ros_stm32cubemx_utils/microros_static_library/libmicroros/microros_include/rcl/init.h:23,
                 from /home/rospc/ROS/WORKSPACE_F411_uROS6/base_robot/micro_ros_stm32cubemx_utils/microros_static_library/libmicroros/microros_include/rcl/rcl.h:76,
                 from ../Core/Src/main.c:6:
/opt/st/stm32cubeide_1.13.1/plugins/com.st.stm32cube.ide.mcu.externaltools.gnu-tools-for-stm32.11.3.rel1.linux64_1.1.0.202305231506/tools/lib/gcc/arm-none-eabi/11.3.1/include/stdbool.h:33: note: this is the location of the previous definition
   33 | #define bool    _Bool
      | 
../Core/Src/main.c: In function 'task_Motor_Left':
../Core/Src/main.c:124:13: warning: unused variable 'i' [-Wunused-variable]
  124 |         int i = 0;
      |             ^
../Core/Src/main.c: In function 'task_Motor_Right':
../Core/Src/main.c:164:13: warning: unused variable 'i' [-Wunused-variable]
  164 |         int i = 0;
      |             ^
../Core/Src/main.c: In function 'task_Decision':
../Core/Src/main.c:285:29: warning: variable 'ultrason' set but not used [-Wunused-but-set-variable]
  285 |                         int ultrason = 0;
      |                             ^~~~~~~~
../Core/Src/main.c:208:21: warning: variable 'dir' set but not used [-Wunused-but-set-variable]
  208 |         static char dir = 'f';
      |                     ^~~
../Core/Src/main.c: In function 'main':
../Core/Src/main.c:527:32: warning: pointer targets in passing argument 2 of 'xTaskCreate' differ in signedness [-Wpointer-sign]
  527 |     xTaskCreate(microros_task, ( signed portCHAR * ) "microros_task", 512 /* stack size */, NULL,  tskIDLE_PRIORITY, NULL );
      |                                ^~~~~~~~~~~~~~~~~~~~~~~~~~~~~~~~~~~~~
      |                                |
      |                                signed char *
In file included from ../Core/Inc/main.h:47,
                 from ../Core/Src/main.c:3:
../Middlewares/Third_Party/FreeRTOS/Source/include/task.h:331:76: note: expected 'const char * const' but argument is of type 'signed char *'
  331 |                                                         const char * const pcName,      /*lint !e971 Unqualified char types are allowed for strings and single characters only. */
      |                                                         ~~~~~~~~~~~~~~~~~~~^~~~~~
../Core/Src/main.c:513:12: warning: variable 'val' set but not used [-Wunused-but-set-variable]
  513 |   uint16_t val;
      |            ^~~
../Core/Src/main.c: In function 'microros_task':
../Core/Src/main.c:584:17: warning: passing argument 3 of 'rmw_uros_set_custom_transport' from incompatible pointer type [-Wincompatible-pointer-types]
  584 |                 cubemx_transport_open,
      |                 ^~~~~~~~~~~~~~~~~~~~~
      |                 |
      |                 uint8_t (*)(struct uxrCustomTransport *) {aka unsigned char (*)(struct uxrCustomTransport *)}
In file included from /home/rospc/ROS/WORKSPACE_F411_uROS6/base_robot/micro_ros_stm32cubemx_utils/microros_static_library/libmicroros/microros_include/rmw_microros/rmw_microros.h:35,
                 from ../Core/Src/main.c:12:
/home/rospc/ROS/WORKSPACE_F411_uROS6/base_robot/micro_ros_stm32cubemx_utils/microros_static_library/libmicroros/microros_include/rmw_microros/custom_transport.h:57:20: note: expected 'open_custom_func' {aka '_Bool (*)(struct uxrCustomTransport *)'} but argument is of type 'uint8_t (*)(struct uxrCustomTransport *)' {aka 'unsigned char (*)(struct uxrCustomTransport *)'}
   57 |   open_custom_func open_cb,
      |   ~~~~~~~~~~~~~~~~~^~~~~~~
../Core/Src/main.c:585:17: warning: passing argument 4 of 'rmw_uros_set_custom_transport' from incompatible pointer type [-Wincompatible-pointer-types]
  585 |                 cubemx_transport_close,
      |                 ^~~~~~~~~~~~~~~~~~~~~~
      |                 |
      |                 uint8_t (*)(struct uxrCustomTransport *) {aka unsigned char (*)(struct uxrCustomTransport *)}
In file included from /home/rospc/ROS/WORKSPACE_F411_uROS6/base_robot/micro_ros_stm32cubemx_utils/microros_static_library/libmicroros/microros_include/rmw_microros/rmw_microros.h:35,
                 from ../Core/Src/main.c:12:
/home/rospc/ROS/WORKSPACE_F411_uROS6/base_robot/micro_ros_stm32cubemx_utils/microros_static_library/libmicroros/microros_include/rmw_microros/custom_transport.h:58:21: note: expected 'close_custom_func' {aka '_Bool (*)(struct uxrCustomTransport *)'} but argument is of type 'uint8_t (*)(struct uxrCustomTransport *)' {aka 'unsigned char (*)(struct uxrCustomTransport *)'}
   58 |   close_custom_func close_cb,
      |   ~~~~~~~~~~~~~~~~~~^~~~~~~~
At top level:
../Core/Src/main.c:449:13: warning: 'task_LCD' defined but not used [-Wunused-function]
  449 | static void task_LCD(void *pvParameters)
      |             ^~~~~~~~
../Core/Src/main.c:419:13: warning: 'task_Ultra' defined but not used [-Wunused-function]
  419 | static void task_Ultra(void *pvParameters)
      |             ^~~~~~~~~~
../Core/Src/main.c:198:13: warning: 'task_Decision' defined but not used [-Wunused-function]
  198 | static void task_Decision(void *pvParameters)
      |             ^~~~~~~~~~~~~
../Core/Src/main.c:154:13: warning: 'task_Motor_Right' defined but not used [-Wunused-function]
  154 | static void task_Motor_Right(void *pvParameters)
      |             ^~~~~~~~~~~~~~~~
../Core/Src/main.c:114:13: warning: 'task_Motor_Left' defined but not used [-Wunused-function]
  114 | static void task_Motor_Left(void *pvParameters)
      |             ^~~~~~~~~~~~~~~
arm-none-eabi-gcc -o "base_robot.elf" @"objects.list"  -lmicroros -mcpu=cortex-m4 -T"/home/rospc/ROS/WORKSPACE_F411_uROS6/base_robot/STM32F411RETX_FLASH.ld" --specs=nosys.specs -Wl,-Map="base_robot.map" -Wl,--gc-sections -static -L"/home/rospc/ROS/WORKSPACE_F411_uROS6/base_robot/micro_ros_stm32cubemx_utils/microros_static_library/libmicroros" --specs=nano.specs -mfpu=fpv4-sp-d16 -mfloat-abi=hard -mthumb -Wl,--start-group -lc -lm -Wl,--end-group
Finished building target: base_robot.elf
 
arm-none-eabi-size   base_robot.elf 
arm-none-eabi-objdump -h -S  base_robot.elf  > "base_robot.list"
   text	   data	    bss	    dec	    hex	filename
  98020	    228	  58592	 156840	  264a8	base_robot.elf
Finished building: default.size.stdout
 
Finished building: base_robot.list
 

16:22:02 Build Finished. 0 errors, 14 warnings. (took 1s.683ms)

